// Jest Snapshot v1, https://goo.gl/fbAQLP

exports[`<Navbar /> should match the snapshot 1`] = `
<nav
  class="navbar"
>
  <img
    alt="Logo escrito 'Marvel Search heroes', a palavra marvel estÃ¡ em vermelho e o restante em cinza escuro."
    class="logo"
    loading="lazy"
    src="test-file-stub"
  />
</nav>
`;
